// Vitest Snapshot v1, https://vitest.dev/guide/snapshot.html

exports[`AssignAgentCard.vue > renders correctly 1`] = `
<div
  data-v-app=""
>
  
  <section
    assignment="true"
    class="agent-card agent-card--with-footer assign-agent-card"
    data-testid="agent-card"
    data-v-8d850a92=""
    data-v-b58c7d6a=""
  >
    
    <section
      class="agent-card__content"
      data-v-8d850a92=""
    >
      <!--v-if-->
      <header
        class="agent-card__header"
        data-v-8d850a92=""
      >
        <p
          class="agent-card__title"
          data-testid="title"
          data-v-8d850a92=""
        >
          Test Title
        </p>
        <section
          class="agent-card__actions"
          data-testid="agent-card-actions"
          data-v-8d850a92=""
        >
          
          <!--v-if-->
          <section
            class="assign-agent-card__action"
            data-testid="content-item-actions-content"
            data-v-b58c7d6a=""
          >
            <div
              data-testid="content-item-actions"
              data-v-b58c7d6a=""
              minwidth="auto"
            >
              
              <button
                data-test="Delete agent"
                type="button"
              >
                Delete agent
              </button>
              
            </div>
          </section>
          
        </section>
        <!--v-if-->
      </header>
      <section
        class="agent-card__infos"
        data-v-8d850a92=""
      >
        <p
          class="agent-card__description"
          data-testid="description"
          data-v-8d850a92=""
          title="Test Description"
        >
          Test Description
        </p>
        <section
          class="agent-card__skills"
          data-v-8d850a92=""
        >
          
          <section
            class="skill"
            data-testid="skill"
            data-v-8d850a92=""
            data-v-d187fcda=""
          >
            <img
              alt="Skill 1"
              class="skill__icon"
              data-testid="skill-icon"
              data-v-d187fcda=""
              src="icon-1"
            />
            <p
              class="skill__title"
              data-testid="skill-name"
              data-v-d187fcda=""
              tag="p"
            >
              Skill 1
            </p>
          </section>
          <section
            class="skill"
            data-testid="skill"
            data-v-8d850a92=""
            data-v-d187fcda=""
          >
            <img
              alt="Skill 2"
              class="skill__icon"
              data-testid="skill-icon"
              data-v-d187fcda=""
              src="icon-2"
            />
            <p
              class="skill__title"
              data-testid="skill-name"
              data-v-d187fcda=""
              tag="p"
            >
              Skill 2
            </p>
          </section>
          
        </section>
      </section>
    </section>
    
    <button
      class="assign-agent-card__button unnnic-button unnnic-button--size-small unnnic-button--primary assign-agent-card__button"
      data-testid="assign-button"
      data-v-aadba593=""
      data-v-b58c7d6a=""
    >
      <!---->
      <!---->
      <!---->
      <span
        class="unnnic-button__label"
        data-testid="button-label"
        data-v-aadba593=""
        style="visibility: visible;"
      >
        
        
         Assign to the team
      </span>
      <!---->
    </button>
    
    <!--v-if-->
    
  </section>
  <assign-agent-drawer-stub
    agent="[object Object]"
    data-v-b58c7d6a=""
    isassigning="false"
    modelvalue="false"
  />
  <delete-agent-modal-stub
    agent="[object Object]"
    data-v-b58c7d6a=""
    modelvalue="false"
  />
  
</div>
`;
