// Vitest Snapshot v1, https://vitest.dev/guide/snapshot.html

exports[`AgentCardSkeleton.vue > renders correctly 1`] = `
<section
  class="assign-agent-card-skeleton"
  data-testid="assign-agent-card-skeleton"
  data-v-01ad1ca9=""
>
  <header
    class="assign-agent-card-skeleton__header"
    data-v-01ad1ca9=""
  >
    <div
      class="skeleton assign-agent-card-skeleton__icon"
      data-testid="skeleton-loading"
      data-v-01ad1ca9=""
    >
      
      <span
        class="unnnic-skeleton"
        style="--skeleton-bg: #E0E0E0; --skeleton-highlight: #F5F5F5; --skeleton-duration: 2s; width: 40px; height: 40px;"
      >
         ‌ 
      </span>
      
    </div>
    <div
      class="skeleton"
      data-testid="skeleton-loading"
      data-v-01ad1ca9=""
    >
      
      <span
        class="unnnic-skeleton"
        style="--skeleton-bg: #E0E0E0; --skeleton-highlight: #F5F5F5; --skeleton-duration: 2s; width: 100%; height: 22px;"
      >
         ‌ 
      </span>
      
    </div>
  </header>
  <section
    class="assign-agent-card-skeleton__infos"
    data-v-01ad1ca9=""
  >
    <div
      class="skeleton"
      data-testid="skeleton-loading"
      data-v-01ad1ca9=""
    >
      
      <span
        class="unnnic-skeleton"
        style="--skeleton-bg: #E0E0E0; --skeleton-highlight: #F5F5F5; --skeleton-duration: 2s; width: 100%; height: 22px;"
      >
         ‌ 
      </span>
      
    </div>
    <div
      class="skeleton"
      data-testid="skeleton-loading"
      data-v-01ad1ca9=""
    >
      
      <span
        class="unnnic-skeleton"
        style="--skeleton-bg: #E0E0E0; --skeleton-highlight: #F5F5F5; --skeleton-duration: 2s; width: 100%; height: 22px;"
      >
         ‌ 
      </span>
      
    </div>
    <section
      class="assign-agent-card-skeleton__skills"
      data-testid="skills-section"
      data-v-01ad1ca9=""
    >
      <div
        class="skeleton"
        data-testid="skills-skeleton-loading"
        data-v-01ad1ca9=""
      >
        
        <span
          class="unnnic-skeleton"
          style="--skeleton-bg: #E0E0E0; --skeleton-highlight: #F5F5F5; --skeleton-duration: 2s; width: 100px; height: 37px;"
        >
           ‌ 
        </span>
        
      </div>
      <div
        class="skeleton"
        data-testid="skills-skeleton-loading"
        data-v-01ad1ca9=""
      >
        
        <span
          class="unnnic-skeleton"
          style="--skeleton-bg: #E0E0E0; --skeleton-highlight: #F5F5F5; --skeleton-duration: 2s; width: 150px; height: 37px;"
        >
           ‌ 
        </span>
        
      </div>
    </section>
  </section>
</section>
`;
