// Vitest Snapshot v1, https://vitest.dev/guide/snapshot.html

exports[`AssignAgentCard.vue > renders correctly 1`] = `
<div
  data-v-app=""
>
  
  <section
    class="assign-agent-card"
    data-testid="assign-agent-card"
    data-v-b58c7d6a=""
  >
    <section
      class="assign-agent-card__content"
      data-v-b58c7d6a=""
    >
      <!--v-if-->
      <header
        class="content__header"
        data-v-b58c7d6a=""
      >
        <p
          class="unnnic-text unnnic-text--size-body-gt unnnic-text--line-height-md unnnic-text--family-secondary unnnic-text--weight-bold unnnic-text--color-neutral-darkest"
          data-testid="title"
          data-v-b58c7d6a=""
          data-v-ec8da4ad=""
        >
          
          Test Title
          
        </p>
        <section
          class="header__actions"
          data-testid="assign-agent-card-actions"
          data-v-b58c7d6a=""
        >
          <!--v-if-->
          <!--v-if-->
          <!-- v-show used instead of v-else to prevent ContentItemActions popover rendering error -->
          <section
            class="actions__content"
            data-testid="content-item-actions-content"
            data-v-b58c7d6a=""
          >
            
            
            <span
              class="unnnic-icon material-symbols-rounded unnnic-icon-scheme--neutral-cloudy unnnic-icon-size--avatar-nano unnnic-icon__size--avatar-nano button-menu"
              data-testid="content-item-actions"
              data-v-69390f82=""
              data-v-90d29858=""
              translate="no"
            >
              more_vert
            </span>
            
            <div
              to="body"
            >
              
              
              <section
                class="options"
                data-v-90d29858=""
                horizontal="right-right"
                popoverid="unnnic-popover-11959286"
                style="min-width: auto;"
                trigger="click"
                vertical="top-bottom"
              >
                
                <section
                  class="options__option"
                  data-test="Delete agent"
                  data-v-90d29858=""
                >
                  <span
                    class="unnnic-icon material-symbols-rounded unnnic-icon-scheme--aux-red-500 unnnic-icon-size--sm unnnic-icon__size--sm"
                    data-testid="material-icon"
                    data-v-69390f82=""
                    data-v-90d29858=""
                    translate="no"
                  >
                    delete
                  </span>
                  <p
                    class="unnnic-text unnnic-text--size-body-md unnnic-text--line-height-md unnnic-text--family-secondary unnnic-text--weight-regular unnnic-text--color-aux-red-500"
                    data-v-90d29858=""
                    data-v-ec8da4ad=""
                  >
                    
                    Delete agent
                    
                  </p>
                </section>
                
              </section>
              
              
            </div>
            
          </section>
        </section>
        <p
          class="unnnic-text unnnic-text--size-body-gt unnnic-text--line-height-md unnnic-text--family-secondary unnnic-text--weight-regular unnnic-text--color-neutral-cloudy header__description header__description"
          data-testid="description"
          data-v-b58c7d6a=""
          data-v-ec8da4ad=""
          title="Test Description"
        >
          
          Test Description
          
        </p>
      </header>
      <section
        class="content__skills"
        data-v-b58c7d6a=""
      >
        
        <section
          class="skill"
          data-testid="skill"
          data-v-b58c7d6a=""
          data-v-d187fcda=""
        >
          <p
            class="skill__icon"
            data-testid="skill-icon"
            data-v-d187fcda=""
          >
            icon-1
          </p>
          <p
            class="unnnic-text unnnic-text--size-body-md unnnic-text--line-height-md unnnic-text--family-secondary unnnic-text--weight-regular unnnic-text--color-neutral-cloudy skill__title skill__title"
            data-testid="skill-name"
            data-v-d187fcda=""
            data-v-ec8da4ad=""
          >
            
            Skill 1
            
          </p>
        </section>
        <section
          class="skill"
          data-testid="skill"
          data-v-b58c7d6a=""
          data-v-d187fcda=""
        >
          <p
            class="skill__icon"
            data-testid="skill-icon"
            data-v-d187fcda=""
          >
            icon-2
          </p>
          <p
            class="unnnic-text unnnic-text--size-body-md unnnic-text--line-height-md unnnic-text--family-secondary unnnic-text--weight-regular unnnic-text--color-neutral-cloudy skill__title skill__title"
            data-testid="skill-name"
            data-v-d187fcda=""
            data-v-ec8da4ad=""
          >
            
            Skill 2
            
          </p>
        </section>
        
      </section>
    </section>
    <button
      class="assign-agent-card__button unnnic-button unnnic-button--size-small unnnic-button--primary assign-agent-card__button"
      data-testid="assign-button"
      data-v-aadba593=""
      data-v-b58c7d6a=""
    >
      <!---->
      <!---->
      <!---->
      <span
        class="unnnic-button__label"
        data-testid="button-label"
        data-v-aadba593=""
        style="visibility: visible;"
      >
        
        
         Assign to the team
      </span>
      <!---->
    </button>
  </section>
  <assign-agent-drawer-stub
    agent="[object Object]"
    data-v-b58c7d6a=""
    isassigning="false"
    modelvalue="false"
  />
  <div
    class="modal-delete-agent"
    data-testid="modal"
    data-v-783757c9=""
    data-v-b58c7d6a=""
  >
    
    
    
    <p
      class="modal-delete-agent__description"
      data-testid="description"
      data-v-783757c9=""
    >
      Are you sure you want to delete the Test Title? This action cannot be reversed
    </p>
    
    
    
  </div>
  
</div>
`;
