// Vitest Snapshot v1, https://vitest.dev/guide/snapshot.html

exports[`AssignAgentCard.vue > renders correctly 1`] = `
<div
  data-v-app=""
>
  
  <section
    class="assign-agent-card assign-agent-card--assignment"
    data-testid="assign-agent-card"
    data-v-b58c7d6a=""
  >
    <section
      class="assign-agent-card__content"
      data-v-b58c7d6a=""
    >
      <!--v-if-->
      <header
        class="assign-agent-card__header"
        data-v-b58c7d6a=""
      >
        <p
          class="assign-agent-card__title"
          data-testid="title"
          data-v-b58c7d6a=""
        >
          Test Title
        </p>
        <section
          class="assign-agent-card__actions"
          data-testid="assign-agent-card-actions"
          data-v-b58c7d6a=""
        >
          <!--v-if-->
          <section
            class="assign-agent-card__action"
            data-testid="content-item-actions-content"
            data-v-b58c7d6a=""
          >
            <div
              data-testid="content-item-actions"
              data-v-b58c7d6a=""
              minwidth="auto"
            >
              
              <button
                data-test="Delete agent"
                type="button"
              >
                Delete agent
              </button>
              
            </div>
          </section>
        </section>
        <!--v-if-->
      </header>
      <section
        class="assign-agent-card__infos"
        data-v-b58c7d6a=""
      >
        <p
          class="assign-agent-card__description"
          data-testid="description"
          data-v-b58c7d6a=""
          title="Test Description"
        >
          Test Description
        </p>
        <section
          class="assign-agent-card__skills"
          data-v-b58c7d6a=""
        >
          
          <section
            class="skill"
            data-testid="skill"
            data-v-b58c7d6a=""
            data-v-d187fcda=""
          >
            <p
              class="skill__icon"
              data-testid="skill-icon"
              data-v-d187fcda=""
            >
              icon-1
            </p>
            <p
              class="skill__title"
              data-testid="skill-name"
              data-v-d187fcda=""
              tag="p"
            >
              Skill 1
            </p>
          </section>
          <section
            class="skill"
            data-testid="skill"
            data-v-b58c7d6a=""
            data-v-d187fcda=""
          >
            <p
              class="skill__icon"
              data-testid="skill-icon"
              data-v-d187fcda=""
            >
              icon-2
            </p>
            <p
              class="skill__title"
              data-testid="skill-name"
              data-v-d187fcda=""
              tag="p"
            >
              Skill 2
            </p>
          </section>
          
        </section>
      </section>
    </section>
    <button
      class="assign-agent-card__button unnnic-button unnnic-button--size-small unnnic-button--primary assign-agent-card__button"
      data-testid="assign-button"
      data-v-aadba593=""
      data-v-b58c7d6a=""
    >
      <!---->
      <!---->
      <!---->
      <span
        class="unnnic-button__label"
        data-testid="button-label"
        data-v-aadba593=""
        style="visibility: visible;"
      >
        
        
         Assign to the team
      </span>
      <!---->
    </button>
  </section>
  <assign-agent-drawer-stub
    agent="[object Object]"
    data-v-b58c7d6a=""
    isassigning="false"
    modelvalue="false"
  />
  <div
    class="modal-delete-agent"
    data-testid="modal"
    data-v-783757c9=""
    data-v-b58c7d6a=""
  >
    
    
    
    <p
      class="modal-delete-agent__description"
      data-testid="description"
      data-v-783757c9=""
    >
      Are you sure you want to delete the Test Title? This action cannot be reversed
    </p>
    
    
    
  </div>
  
</div>
`;
