// Vitest Snapshot v1, https://vitest.dev/guide/snapshot.html

exports[`Skill.vue > renders correctly 1`] = `
<section
  class="skill"
  data-v-d187fcda=""
>
  <img
    alt="Test Title"
    class="skill__icon"
    data-testid="skill-icon"
    data-v-d187fcda=""
    src="https://example.com/system-icon.svg"
  />
  <p
    class="skill__title"
    data-testid="skill-name"
    data-v-d187fcda=""
    tag="p"
  >
    Test Title
  </p>
</section>
`;
