// Vitest Snapshot v1, https://vitest.dev/guide/snapshot.html

exports[`AssignedAgents.vue > Component rendering > should match snapshot 1`] = `
<div
  data-v-app=""
>
  
  <section
    class="assigned-agents"
    data-v-6b0b7f6d=""
  >
    <h2
      class="assigned-agents__title"
      data-testid="assigned-agents-title"
      data-v-6b0b7f6d=""
    >
      Assigned agents
    </h2>
    <!--v-if-->
    <section
      class="assigned-agents__empty"
      data-testid="empty-state"
      data-v-6b0b7f6d=""
    >
      <unnnic-icon-stub
        class="assigned-agents__empty-icon"
        clickable="false"
        data-testid="assigned-agents-icon"
        data-v-6b0b7f6d=""
        filled="true"
        icon="workspaces"
        scheme="neutral-soft"
        size="xl"
      />
      <section
        class="assigned-agents__empty-content"
        data-v-6b0b7f6d=""
      >
        <h3
          class="assigned-agents__empty-title"
          data-testid="assigned-agents-empty-title"
          data-v-6b0b7f6d=""
        >
          No agents assigned yet
        </h3>
        <p
          class="assigned-agents__empty-description"
          data-testid="assigned-agents-empty-description"
          data-v-6b0b7f6d=""
        >
          Add your first agent to start handling product queries, orders, and more.
        </p>
      </section>
      <unnnic-button-stub
        class="assigned-agents__empty-button"
        data-testid="assigned-agents-empty-button"
        data-v-6b0b7f6d=""
        disabled="false"
        float="false"
        iconcenter=""
        iconleft=""
        iconright=""
        iconsfilled="false"
        loading="false"
        size="large"
        text="Assign your first agent"
        type="primary"
      />
    </section>
  </section>
  <agents-gallery-modal-stub
    data-testid="agents-gallery-modal"
    data-v-6b0b7f6d=""
  />
  
</div>
`;
